
> hr-management-dashboard@0.0.0 build
> node --openssl-legacy-provider ./node_modules/@angular/cli/bin/ng build --configuration production

node.exe : - 
Generating browser 
application bundles 
(phase: setup)...
At C:\Program Files\n
odejs\npm.ps1:29 
char:3
+   & $NODE_EXE 
$NPM_CLI_JS $args
+   ~~~~~~~~~~~~~~~~~
~~~~~~~~~~~~
    + CategoryInfo   
           : NotSpe  
  cified: (- Gener   
 ating br...hase:    
 setup)...:Strin    
g) [], RemoteExc    
eption
    + FullyQualified 
   ErrorId : Native  
  CommandError
 
Γ£ö Browser 
application bundle 
generation complete.
Γ£ö Browser 
application bundle 
generation complete.

Warning: C:/Users/del
l/OneDrive/Desktop/li
nkdin_angular/HR_mana
gement_dashboard/src/
app/components/dashbo
ard/dashboard.compone
nt.css exceeded 
maximum budget. 
Budget 2.00 kB was 
not met by 1.37 kB 
with a total of 3.37 
kB.

Warning: C:/Users/del
l/OneDrive/Desktop/li
nkdin_angular/HR_mana
gement_dashboard/src/
app/components/navbar
/navbar.component.css
 exceeded maximum 
budget. Budget 2.00 
kB was not met by 
659 bytes with a 
total of 2.64 kB.

Warning: C:/Users/del
l/OneDrive/Desktop/li
nkdin_angular/HR_mana
gement_dashboard/src/
app/components/sideba
r/sidebar.component.c
ss exceeded maximum 
budget. Budget 2.00 
kB was not met by 7 
bytes with a total 
of 2.01 kB.



./src/app/app.module.
ts:6:0-44 - Error: 
Module not found: 
Error: Can't resolve 
'ng2-charts' in 'C:\U
sers\dell\OneDrive\De
sktop\linkdin_angular
\HR_management_dashbo
ard\src\app'

Error: src/app/app.co
mponent.html:3:5 - 
error NG8001: 
'app-sidebar' is not 
a known element:
1. If 'app-sidebar' 
is an Angular 
component, then 
verify that it is 
part of this module.
2. If 'app-sidebar' 
is a Web Component 
then add 'CUSTOM_ELEM
ENTS_SCHEMA' to the 
'@NgModule.schemas' 
of this component to 
suppress this 
message.

3     <app-sidebar [i
sCollapsed]="isSideba
rCollapsed" (toggleSi
debar)="toggleSidebar
()"></app-sidebar>
      ~~~~~~~~~~~~~~~
~~~~~~~~~~~~~~~~~~~~~
~~~~~~~~~~~~~~~~~~~~~
~~~~~~~~~~~~~~~~~~~~~
~~~~

  src/app/app.compone
nt.ts:5:18
    5     
templateUrl: './app.c
omponent.html',
                     
  ~~~~~~~~~~~~~~~~~~~
~~~
    Error occurs in 
the template of 
component 
AppComponent.


Error: src/app/app.co
mponent.html:3:18 - 
error NG8002: Can't 
bind to 
'isCollapsed' since 
it isn't a known 
property of 
'app-sidebar'.
1. If 'app-sidebar' 
is an Angular 
component and it has 
'isCollapsed' input, 
then verify that it 
is part of this 
module.
2. If 'app-sidebar' 
is a Web Component 
then add 'CUSTOM_ELEM
ENTS_SCHEMA' to the 
'@NgModule.schemas' 
of this component to 
suppress this 
message.
3. To allow any 
property add 
'NO_ERRORS_SCHEMA' 
to the 
'@NgModule.schemas' 
of this component.

3     <app-sidebar [i
sCollapsed]="isSideba
rCollapsed" (toggleSi
debar)="toggleSidebar
()"></app-sidebar>
                   ~~
~~~~~~~~~~~~~~~~~~~~~
~~~~~~~~~~~

  src/app/app.compone
nt.ts:5:18
    5     
templateUrl: './app.c
omponent.html',
                     
  ~~~~~~~~~~~~~~~~~~~
~~~
    Error occurs in 
the template of 
component 
AppComponent.


Error: src/app/app.co
mponent.html:6:9 - 
error NG8001: 
'app-navbar' is not 
a known element:
1. If 'app-navbar' 
is an Angular 
component, then 
verify that it is 
part of this module.
2. If 'app-navbar' 
is a Web Component 
then add 'CUSTOM_ELEM
ENTS_SCHEMA' to the 
'@NgModule.schemas' 
of this component to 
suppress this 
message.

6         
<app-navbar (toggleSi
debar)="toggleSidebar
()"></app-navbar>
          ~~~~~~~~~~~
~~~~~~~~~~~~~~~~~~~~~
~~~~~~~~~~~~~~

  src/app/app.compone
nt.ts:5:18
    5     
templateUrl: './app.c
omponent.html',
                     
  ~~~~~~~~~~~~~~~~~~~
~~~
    Error occurs in 
the template of 
component 
AppComponent.


Error: src/app/app.co
mponent.html:9:13 - 
error NG8001: 
'router-outlet' is 
not a known element:
1. If 
'router-outlet' is 
an Angular 
component, then 
verify that it is 
part of this module.
2. If 
'router-outlet' is a 
Web Component then 
add 'CUSTOM_ELEMENTS_
SCHEMA' to the 
'@NgModule.schemas' 
of this component to 
suppress this 
message.

9             <router
-outlet></router-outl
et>
              
~~~~~~~~~~~~~~~

  src/app/app.compone
nt.ts:5:18
    5     
templateUrl: './app.c
omponent.html',
                     
  ~~~~~~~~~~~~~~~~~~~
~~~
    Error occurs in 
the template of 
component 
AppComponent.


Error: src/app/app.co
mponent.html:12:9 - 
error NG8001: 
'app-footer' is not 
a known element:
1. If 'app-footer' 
is an Angular 
component, then 
verify that it is 
part of this module.
2. If 'app-footer' 
is a Web Component 
then add 'CUSTOM_ELEM
ENTS_SCHEMA' to the 
'@NgModule.schemas' 
of this component to 
suppress this 
message.

12         <app-foote
r></app-footer>
           
~~~~~~~~~~~~

  src/app/app.compone
nt.ts:5:18
    5     
templateUrl: './app.c
omponent.html',
                     
  ~~~~~~~~~~~~~~~~~~~
~~~
    Error occurs in 
the template of 
component 
AppComponent.


Error: src/app/app.mo
dule.ts:5:32 - error 
TS2307: Cannot find 
module 'ng2-charts' 
or its corresponding 
type declarations.

5 import { 
NgChartsModule } 
from 'ng2-charts';
                     
            
~~~~~~~~~~~~


Error: src/app/app.mo
dule.ts:22:14 - 
error NG1010: Value 
at position 4 in the 
NgModule.imports of 
AppModule is not a 
reference
  Value could not be 
determined 
statically.

 22     imports: [
                 ~
 23         
BrowserModule,
    ~~~~~~~~~~~~~~~~~
~~~~~
... 
 27         
NgChartsModule
    ~~~~~~~~~~~~~~~~~
~~~~~
 28     ],
    ~~~~~

  src/app/app.module.
ts:27:9
    27         
NgChartsModule
               
~~~~~~~~~~~~~~
    Unknown 
reference.


Error: src/app/compon
ents/dashboard/dashbo
ard.component.html:10
:36 - error NG8002: 
Can't bind to 
'ngClass' since it 
isn't a known 
property of 'div'.

10             <div 
class="stat-icon" [ng
Class]="stat.color">
                     
                 ~~~~
~~~~~~~~~~~~~~~~~~

  src/app/components/
dashboard/dashboard.c
omponent.ts:6:18
    6     
templateUrl: './dashb
oard.component.html',
                     
  ~~~~~~~~~~~~~~~~~~~
~~~~~~~~~
    Error occurs in 
the template of 
component 
DashboardComponent.


Error: src/app/compon
ents/dashboard/dashbo
ard.component.html:31
:35 - error NG8002: 
Can't bind to 'data' 
since it isn't a 
known property of 
'canvas'.

31m                 
<canvas baseChart [da
ta]="lineChartData" [
options]="lineChartOp
tions" 
[type]="'line'">
                     
                ~~~~~
~~~~~~~~~~~~~~~~~

  src/app/components/
dashboard/dashboard.c
omponent.ts:6:18
    6     
templateUrl: './dashb
oard.component.html',
                     
  ~~~~~~~~~~~~~~~~~~~
~~~~~~~~~
    Error occurs in 
the template of 
component 
DashboardComponent.


Error: src/app/compon
ents/dashboard/dashbo
ard.component.html:31
:58 - error NG8002: 
Can't bind to 
'options' since it 
isn't a known 
property of 'canvas'.

31                 
<canvas baseChart [da
ta]="lineChartData" [
options]="lineChartOp
tions" 
[type]="'line'">
                     
                     
                  ~~~
~~~~~~~~~~~~~~~~~~~~~
~~~~

  src/app/components/
dashboard/dashboard.c
omponent.ts:6:18
    6     
templateUrl: './dashb
oard.component.html',
                     
  ~~~~~~~~~~~~~~~~~~~
~~~~~~~~~
    Error occurs in 
the template of 
component 
DashboardComponent.


Error: src/app/compon
ents/dashboard/dashbo
ard.component.html:31
:87 - error NG8002: 
Can't bind to 'type' 
since it isn't a 
known property of 
'canvas'.

31                 
<canvas baseChart [da
ta]="lineChartData" [
options]="lineChartOp
tions" 
[type]="'line'">
                     
                     
                     
                     
     ~~~~~~~~~~~~~~~

  src/app/components/
dashboard/dashboard.c
omponent.ts:6:18
    6     
templateUrl: './dashb
oard.component.html',
                     
  ~~~~~~~~~~~~~~~~~~~
~~~~~~~~~
    Error occurs in 
the template of 
component 
DashboardComponent.


Error: src/app/compon
ents/dashboard/dashbo
ard.component.html:89
:56 - error NG8002: 
Can't bind to 
'ngClass' since it 
isn't a known 
property of 'span'.

89                   
          <span 
class="status-badge" 
[ngClass]="getStatusC
lass(emp.status)">
                     
                     
                ~~~~~
~~~~~~~~~~~~~~~~~~~~~
~~~~~~~~~~~~

  src/app/components/
dashboard/dashboard.c
omponent.ts:6:18
    6     
templateUrl: './dashb
oard.component.html',
                     
  ~~~~~~~~~~~~~~~~~~~
~~~~~~~~~
    Error occurs in 
the template of 
component 
DashboardComponent.


Error: src/app/compon
ents/dashboard/dashbo
ard.component.ts:2:50
 - error TS2307: 
Cannot find module 
'chart.js' or its 
corresponding type 
declarations.

2 import { 
ChartConfiguration, 
ChartOptions } from 
'chart.js';
                     
                     
         ~~~~~~~~~~


Error: src/app/compon
ents/sidebar/sidebar.
component.html:15:20 
- error NG8002: 
Can't bind to 
'routerLink' since 
it isn't a known 
property of 'a'.

15                 
<a [routerLink]="item
.route" routerLinkAct
ive="active" 
class="nav-item">
                     
 ~~~~~~~~~~~~~~~~~~~~
~~~~~

  src/app/components/
sidebar/sidebar.compo
nent.ts:5:18
    5     
templateUrl: './sideb
ar.component.html',
                     
  ~~~~~~~~~~~~~~~~~~~
~~~~~~~
    Error occurs in 
the template of 
component 
SidebarComponent.



